10.0.0.2 - - [22/Sep/2017:15:36:07 +0100] "GET / HTTP/1.1" 301 - "-" "Intellipool Network Monitor/5144"
213.48.246.107 - - [22/Sep/2017:15:36:08 +0100] "POST /?0-1.IFormSubmitListener-headerPanel-headerContainer-search-searchFormTabsPanel-packageSearchPanel-inputForm HTTP/1.1" 301 - "https://www.topflight.ie/" "Mozilla/5.0 (Windows NT 6.1; Win64; x64) AppleWebKit/537.36 (KHTML, like Gecko) Chrome/60.0.3112.113 Safari/537.36"
213.48.246.107 - - [22/Sep/2017:15:36:09 +0100] "GET /go/hotelsearch?logSearch=true&monthsearch=false&data_destination=0&data_checkin_date=27/9/2017&data_checkout_date=4/10/2017&data_traveldate=23/9/2017&data_flexibility=3&data_infant_travcount=0&data_adult_travcount=2&data_child_travcount=0&data_currency=EUR&data_airport=DUB&data_duration=7&pr=TFS HTTP/1.1" 200 147186 "https://www.topflight.ie/" "Mozilla/5.0 (Windows NT 6.1; Win64; x64) AppleWebKit/537.36 (KHTML, like Gecko) Chrome/60.0.3112.113 Safari/537.36"
213.48.246.107 - - [22/Sep/2017:15:36:17 +0100] "POST /go/hotelsearch?1-1.IFormSubmitListener-headerPanel-headerContainer-search-searchFormTabsPanel-packageSearchPanel-inputForm&logSearch=true&monthsearch=false&data_destination=0&data_checkin_date=27/9/2017&data_checkout_date=4/10/2017&data_traveldate=23/9/2017&data_flexibility=3&data_infant_travcount=0&data_adult_travcount=2&data_child_travcount=0&data_currency=EUR&data_airport=DUB&data_duration=7&pr=TFS HTTP/1.1" 301 - "https://www.topflight.ie/go/hotelsearch?logSearch=true&monthsearch=false&data_destination=0&data_checkin_date=27/9/2017&data_checkout_date=4/10/2017&data_traveldate=23/9/2017&data_flexibility=3&data_infant_travcount=0&data_adult_travcount=2&data_child_travcount=0&data_currency=EUR&data_airport=DUB&data_duration=7&pr=TFS" "Mozilla/5.0 (Windows NT 6.1; Win64; x64) AppleWebKit/537.36 (KHTML, like Gecko) Chrome/60.0.3112.113 Safari/537.36"
213.48.246.107 - - [22/Sep/2017:15:36:18 +0100] "GET /go/hotelsearch?logSearch=true&monthsearch=false&data_destination=0&data_checkin_date=23/9/2017&data_checkout_date=30/9/2017&data_traveldate=30/9/2017&data_flexibility=3&data_infant_travcount=0&data_adult_travcount=2&data_child_travcount=0&data_currency=EUR&data_airport=DUB&data_duration=7&pr=TFS HTTP/1.1" 200 149145 "https://www.topflight.ie/go/hotelsearch?logSearch=true&monthsearch=false&data_destination=0&data_checkin_date=27/9/2017&data_checkout_date=4/10/2017&data_traveldate=23/9/2017&data_flexibility=3&data_infant_travcount=0&data_adult_travcount=2&data_child_travcount=0&data_currency=EUR&data_airport=DUB&data_duration=7&pr=TFS" "Mozilla/5.0 (Windows NT 6.1; Win64; x64) AppleWebKit/537.36 (KHTML, like Gecko) Chrome/60.0.3112.113 Safari/537.36"
85.93.93.124 - - [22/Sep/2017:15:36:23 +0100] "GET / HTTP/1.1" 200 64764 "-" "Pingdom.com_bot_version_1.4_(http://www.pingdom.com/)"
213.146.165.154 - - [22/Sep/2017:15:36:47 +0100] "GET / HTTP/1.1" 200 154079 "https://www.topflight.ie/" "Mozilla/5.0 (Windows NT 6.3; Win64; x64) AppleWebKit/537.36 (KHTML, like Gecko) Chrome/60.0.3112.113 Safari/537.36"
10.0.0.2 - - [22/Sep/2017:15:36:47 +0100] "GET / HTTP/1.0" 301 - "-" "check_http/v2.0.3 (nagios-plugins 2.0.3)"
10.0.0.2 - - [22/Sep/2017:15:36:49 +0100] "HEAD / HTTP/1.0" 301 - "-" "NewRelicPinger/1.0 (623729)"
83.170.113.210 - - [22/Sep/2017:15:36:56 +0100] "GET /agent/login HTTP/1.1" 200 6127 "-" "Pingdom.com_bot_version_1.4_(http://www.pingdom.com/)"
157.55.39.77 - - [22/Sep/2017:15:37:00 +0100] "GET /summer-sun/italy/sorrento_amalfi_coast/sorrento/grand_hotel_hermitage?data_filter_travcount=2&select_week=17_41U&data_filter_airport=DUB&data_currency=EUR HTTP/1.1" 200 132479 "-" "Mozilla/5.0 (compatible; bingbot/2.0; +http://www.bing.com/bingbot.htm)"
10.0.0.2 - - [22/Sep/2017:15:37:07 +0100] "GET / HTTP/1.1" 200 146955 "-" "Pingdom.com_bot_version_1.4_(http://www.pingdom.com/)"
66.249.76.36 - - [22/Sep/2017:15:37:21 +0100] "GET /holidays/special-offers HTTP/1.1" 200 277878 "-" "Mozilla/5.0 (compatible; Googlebot/2.1; +http://www.google.com/bot.html)"
54.251.34.67 - - [22/Sep/2017:15:37:21 +0100] "HEAD / HTTP/1.0" 301 - "-" "NewRelicPinger/1.0 (623729)"
50.112.95.211 - - [22/Sep/2017:15:37:25 +0100] "HEAD / HTTP/1.0" 301 - "-" "NewRelicPinger/1.0 (623729)"
66.249.76.34 - - [22/Sep/2017:15:37:25 +0100] "GET /wicket/resource/org.apache.wicket.resource.JQueryResourceReference/jquery/jquery-1.11.0.min-ver-8FC25E27D42774AEAE6EDBC0A18B72AA.js HTTP/1.1" 200 96381 "https://www.topflight.ie/holidays/special-offers" "Mozilla/5.0 (compatible; Googlebot/2.1; +http://www.google.com/bot.html)"
184.73.237.85 - - [22/Sep/2017:15:37:26 +0100] "HEAD / HTTP/1.0" 301 - "-" "NewRelicPinger/1.0 (623729)"
66.249.64.216 - - [22/Sep/2017:15:37:27 +0100] "GET /wicket/resource/com.directski.DirectSkiApplication/wicketJS-ver-E2D6DE8CB895FCA874CD7B696D036921 HTTP/1.1" 200 45761 "https://www.topflight.ie/holidays/special-offers" "Mozilla/5.0 (compatible; Googlebot/2.1; +http://www.google.com/bot.html)"
66.249.64.216 - - [22/Sep/2017:15:37:28 +0100] "GET /wro/topflightJSb.js?r=5240&minimize=true HTTP/1.1" 200 174345 "https://www.topflight.ie/holidays/special-offers" "Mozilla/5.0 (compatible; Googlebot/2.1; +http://www.google.com/bot.html)"
66.249.64.216 - - [22/Sep/2017:15:37:34 +0100] "GET /wicket/resource/com.directski.DirectSkiApplication/wicketJS-ver-E2D6DE8CB895FCA874CD7B696D036921 HTTP/1.1" 200 45761 "https://www.topflight.ie/holidays/special-offers" "Mozilla/5.0 (compatible; Googlebot/2.1; +http://www.google.com/bot.html)"
10.0.0.2 - - [22/Sep/2017:15:37:35 +0100] "HEAD / HTTP/1.0" 301 - "-" "NewRelicPinger/1.0 (623729)"
66.249.76.34 - - [22/Sep/2017:15:37:36 +0100] "GET /wro/topflightJSb.js?r=5240&minimize=true HTTP/1.1" 200 174345 "https://www.topflight.ie/holidays/special-offers" "Mozilla/5.0 (compatible; Googlebot/2.1; +http://www.google.com/bot.html)"
109.77.86.17 - - [22/Sep/2017:15:37:45 +0100] "GET /holidays/special-offers HTTP/1.1" 200 279622 "https://www.bing.com/" "Mozilla/5.0 (Windows NT 10.0; Win64; x64) AppleWebKit/537.36 (KHTML, like Gecko) Chrome/51.0.2704.79 Safari/537.36 Edge/14.14393"
54.247.188.179 - - [22/Sep/2017:15:37:47 +0100] "HEAD / HTTP/1.0" 301 - "-" "NewRelicPinger/1.0 (623729)"
10.0.0.2 - - [22/Sep/2017:15:37:47 +0100] "GET / HTTP/1.0" 301 - "-" "check_http/v2.0.3 (nagios-plugins 2.0.3)"
46.165.195.139 - - [22/Sep/2017:15:37:55 +0100] "GET / HTTP/1.1" 301 - "-" "Pingdom.com_bot_version_1.4_(http://www.pingdom.com/)"
46.165.195.139 - - [22/Sep/2017:15:37:58 +0100] "GET /agent/login HTTP/1.1" 200 6127 "-" "Pingdom.com_bot_version_1.4_(http://www.pingdom.com/)"
10.0.0.2 - - [22/Sep/2017:15:38:00 +0100] "GET / HTTP/1.0" 301 - "-" "check_http/v1.4.16 (nagios-plugins 1.4.16)"
10.0.10.12 - - [22/Sep/2017:15:38:02 +0100] "GET / HTTP/1.1" 301 - "-" "check_http/v (nagios-plugins 1.4.15)"
10.0.0.2 - - [22/Sep/2017:15:38:03 +0100] "GET / HTTP/1.0" 301 - "-" "check_http/v1.4.16 (nagios-plugins 1.4.16)"
95.141.32.46 - - [22/Sep/2017:15:38:10 +0100] "GET / HTTP/1.1" 200 55258 "-" "Pingdom.com_bot_version_1.4_(http://www.pingdom.com/)"
213.48.246.107 - - [22/Sep/2017:15:38:13 +0100] "POST /go/hotelsearch?2-1.IBehaviorListener.0-headerPanel-headerContainer-search-searchFormTabsPanel-packageSearchPanel-inputForm-destinations&logSearch=true&monthsearch=false&data_destination=0&data_checkin_date=23/9/2017&data_checkout_date=30/9/2017&data_traveldate=30/9/2017&data_flexibility=3&data_infant_travcount=0&data_adult_travcount=2&data_child_travcount=0&data_currency=EUR&data_airport=DUB&data_duration=7&pr=TFS HTTP/1.1" 200 227 "https://www.topflight.ie/go/hotelsearch?logSearch=true&monthsearch=false&data_destination=0&data_checkin_date=23/9/2017&data_checkout_date=30/9/2017&data_traveldate=30/9/2017&data_flexibility=3&data_infant_travcount=0&data_adult_travcount=2&data_child_travcount=0&data_currency=EUR&data_airport=DUB&data_duration=7&pr=TFS" "Mozilla/5.0 (Windows NT 6.1; Win64; x64) AppleWebKit/537.36 (KHTML, like Gecko) Chrome/60.0.3112.113 Safari/537.36"
10.0.0.2 - - [22/Sep/2017:15:38:19 +0100] "GET / HTTP/1.1" 301 - "-" "Intellipool Network Monitor/5144"
213.48.246.107 - - [22/Sep/2017:15:38:21 +0100] "POST /go/hotelsearch?2-1.IFormSubmitListener-headerPanel-headerContainer-search-searchFormTabsPanel-packageSearchPanel-inputForm&logSearch=true&monthsearch=false&data_destination=0&data_checkin_date=23/9/2017&data_checkout_date=30/9/2017&data_traveldate=30/9/2017&data_flexibility=3&data_infant_travcount=0&data_adult_travcount=2&data_child_travcount=0&data_currency=EUR&data_airport=DUB&data_duration=7&pr=TFS HTTP/1.1" 301 - "https://www.topflight.ie/go/hotelsearch?logSearch=true&monthsearch=false&data_destination=0&data_checkin_date=23/9/2017&data_checkout_date=30/9/2017&data_traveldate=30/9/2017&data_flexibility=3&data_infant_travcount=0&data_adult_travcount=2&data_child_travcount=0&data_currency=EUR&data_airport=DUB&data_duration=7&pr=TFS" "Mozilla/5.0 (Windows NT 6.1; Win64; x64) AppleWebKit/537.36 (KHTML, like Gecko) Chrome/60.0.3112.113 Safari/537.36"
213.48.246.107 - - [22/Sep/2017:15:38:22 +0100] "GET /go/hotelsearch?logSearch=true&monthsearch=false&data_destination=9&data_checkin_date=30/9/2017&data_checkout_date=7/10/2017&data_traveldate=5/10/2017&data_flexibility=3&data_infant_travcount=0&data_adult_travcount=2&data_child_travcount=0&data_currency=EUR&data_airport=DUB&data_duration=7&pr=TFS HTTP/1.1" 200 130424 "https://www.topflight.ie/go/hotelsearch?logSearch=true&monthsearch=false&data_destination=0&data_checkin_date=23/9/2017&data_checkout_date=30/9/2017&data_traveldate=30/9/2017&data_flexibility=3&data_infant_travcount=0&data_adult_travcount=2&data_child_travcount=0&data_currency=EUR&data_airport=DUB&data_duration=7&pr=TFS" "Mozilla/5.0 (Windows NT 6.1; Win64; x64) AppleWebKit/537.36 (KHTML, like Gecko) Chrome/60.0.3112.113 Safari/537.36"
54.251.34.67 - - [22/Sep/2017:15:38:23 +0100] "HEAD / HTTP/1.0" 301 - "-" "NewRelicPinger/1.0 (623729)"
95.149.72.24 - - [22/Sep/2017:15:38:24 +0100] "GET / HTTP/1.1" 200 55258 "-" "Mozilla/5.0 (iPad; CPU OS 10_3_2 like Mac OS X) AppleWebKit/603.2.4 (KHTML, like Gecko) Version/10.0 Mobile/14F89 Safari/602.1"
10.0.10.1 - - [22/Sep/2017:15:38:27 +0100] "GET /manager/status?XML=true HTTP/1.1" 401 17706 "-" "libwww-perl/6.13"
10.0.10.1 - nagios [22/Sep/2017:15:38:27 +0100] "GET /manager/status?XML=true HTTP/1.1" 200 3129 "-" "libwww-perl/6.13"
10.0.0.2 - - [22/Sep/2017:15:38:43 +0100] "GET /ski/austria/soll/pension_faistenauer?searchType=package&select_week=13_6&data_adults=4&data_kids=0&data_infants=0&data_filter_airport=DUB HTTP/1.1" 200 77813 "-" "Mozilla/5.0 (compatible; bingbot/2.0; +http://www.bing.com/bingbot.htm)"
10.0.0.2 - - [22/Sep/2017:15:38:47 +0100] "GET / HTTP/1.0" 301 - "-" "check_http/v2.0.3 (nagios-plugins 2.0.3)"
46.165.195.139 - - [22/Sep/2017:15:38:50 +0100] "GET /admin HTTP/1.1" 200 5529 "-" "Pingdom.com_bot_version_1.4_(http://www.pingdom.com/)"
159.8.146.132 - - [22/Sep/2017:15:38:53 +0100] "GET /holidays/summer-holiday-deals HTTP/1.1" 200 278092 "-" "Pingdom.com_bot_version_1.4_(http://www.pingdom.com/)"
0:0:0:0:0:0:0:1 - - [22/Sep/2017:15:38:53 +0100] "GET /manager/text/list HTTP/1.1" 401 17706 "-" "Wget/1.15 (linux-gnu)"
0:0:0:0:0:0:0:1 - nagios [22/Sep/2017:15:38:53 +0100] "GET /manager/text/list HTTP/1.1" 200 197 "-" "Wget/1.15 (linux-gnu)"
40.77.167.131 - - [22/Sep/2017:15:38:57 +0100] "GET /ski-breaks/pkg/norway/trysil HTTP/1.1" 301 - "-" "Mozilla/5.0 (iPhone; CPU iPhone OS 7_0 like Mac OS X) AppleWebKit/537.51.1 (KHTML, like Gecko) Version/7.0 Mobile/11A465 Safari/9537.53 (compatible; bingbot/2.0; +http://www.bing.com/bingbot.htm)"
82.103.139.165 - - [22/Sep/2017:15:38:58 +0100] "GET /agent/login HTTP/1.1" 200 6127 "-" "Pingdom.com_bot_version_1.4_(http://www.pingdom.com/)"
10.0.0.2 - - [22/Sep/2017:15:39:01 +0100] "GET / HTTP/1.0" 301 - "-" "check_http/v1.4.16 (nagios-plugins 1.4.16)"
10.0.0.2 - - [22/Sep/2017:15:39:03 +0100] "GET / HTTP/1.0" 301 - "-" "check_http/v1.4.16 (nagios-plugins 1.4.16)"
10.0.0.2 - - [22/Sep/2017:15:39:13 +0100] "HEAD / HTTP/1.0" 301 - "-" "NewRelicPinger/1.0 (623729)"
40.77.167.71 - - [22/Sep/2017:15:39:26 +0100] "GET /ski-breaks/holidays/ski-holidays/today-fm-ski-trip HTTP/1.1" 200 118126 "-" "Mozilla/5.0 (compatible; bingbot/2.0; +http://www.bing.com/bingbot.htm)"
212.147.140.200 - - [22/Sep/2017:15:39:29 +0100] "GET / HTTP/1.1" 301 - "-" "check_http/v (nagios-plugins 1.4.15)"
212.147.139.77 - - [22/Sep/2017:15:39:39 +0100] "GET / HTTP/1.0" 200 55258 "-" "N-Central"
212.147.139.77 - - [22/Sep/2017:15:39:39 +0100] "GET / HTTP/1.0" 200 155117 "-" "N-Central"
54.248.250.232 - - [22/Sep/2017:15:39:47 +0100] "HEAD / HTTP/1.0" 301 - "-" "NewRelicPinger/1.0 (623729)"
86.148.9.102 - - [22/Sep/2017:15:39:48 +0100] "GET / HTTP/1.1" 301 - "-" "Mozilla/5.0 (Macintosh; Intel Mac OS X 10_12_6) AppleWebKit/604.1.38 (KHTML, like Gecko) Version/11.0 Safari/604.1.38"
86.148.9.102 - - [22/Sep/2017:15:39:48 +0100] "GET / HTTP/1.1" 200 55258 "-" "Mozilla/5.0 (Macintosh; Intel Mac OS X 10_12_6) AppleWebKit/604.1.38 (KHTML, like Gecko) Version/11.0 Safari/604.1.38"
85.93.93.124 - - [22/Sep/2017:15:39:50 +0100] "GET /admin HTTP/1.1" 200 5529 "-" "Pingdom.com_bot_version_1.4_(http://www.pingdom.com/)"
178.255.155.2 - - [22/Sep/2017:15:39:53 +0100] "GET /holidays/summer-holiday-deals HTTP/1.1" 200 278550 "-" "Pingdom.com_bot_version_1.4_(http://www.pingdom.com/)"
82.103.139.165 - - [22/Sep/2017:15:39:56 +0100] "GET / HTTP/1.1" 200 155117 "-" "Pingdom.com_bot_version_1.4_(http://www.pingdom.com/)"
159.8.146.132 - - [22/Sep/2017:15:39:58 +0100] "GET /agent/login HTTP/1.1" 200 6127 "-" "Pingdom.com_bot_version_1.4_(http://www.pingdom.com/)"
89.101.128.109 - - [22/Sep/2017:15:39:58 +0100] "GET / HTTP/1.1" 200 155239 "https://www.topflight.ie/go/hotelsearch?logSearch=true&monthsearch=false&data_destination=0&data_checkin_date=23/9/2017&data_checkout_date=30/9/2017&data_traveldate=30/9/2017&data_flexibility=3&data_infant_travcount=0&data_adult_travcount=2&data_child_travcount=0&data_currency=EUR&data_airport=DUB&data_duration=7&pr=TFS" "Mozilla/5.0 (Macintosh; Intel Mac OS X 10_12_6) AppleWebKit/537.36 (KHTML, like Gecko) Chrome/60.0.3112.90 Safari/537.36"
89.101.128.109 - - [22/Sep/2017:15:39:59 +0100] "GET /wro/topflightJSb.js?r=5240&minimize=true HTTP/1.1" 304 - "https://www.topflight.ie/" "Mozilla/5.0 (Macintosh; Intel Mac OS X 10_12_6) AppleWebKit/537.36 (KHTML, like Gecko) Chrome/60.0.3112.90 Safari/537.36"
89.101.128.109 - - [22/Sep/2017:15:40:00 +0100] "POST /?15-1.IFormSubmitListener-headerPanel-headerContainer-search-searchFormTabsPanel-packageSearchPanel-inputForm HTTP/1.1" 301 - "https://www.topflight.ie/" "Mozilla/5.0 (Macintosh; Intel Mac OS X 10_12_6) AppleWebKit/537.36 (KHTML, like Gecko) Chrome/60.0.3112.90 Safari/537.36"
10.0.0.2 - - [22/Sep/2017:15:40:00 +0100] "GET / HTTP/1.0" 301 - "-" "check_http/v1.4.16 (nagios-plugins 1.4.16)"
89.101.128.109 - - [22/Sep/2017:15:40:01 +0100] "GET /go/hotelsearch?logSearch=true&monthsearch=false&data_destination=0&data_checkin_date=30/9/2017&data_checkout_date=7/10/2017&data_traveldate=30/9/2017&data_flexibility=3&data_infant_travcount=0&data_adult_travcount=2&data_child_travcount=0&data_currency=EUR&data_airport=DUB&data_duration=7&pr=TFS HTTP/1.1" 200 150175 "https://www.topflight.ie/" "Mozilla/5.0 (Macintosh; Intel Mac OS X 10_12_6) AppleWebKit/537.36 (KHTML, like Gecko) Chrome/60.0.3112.90 Safari/537.36"
10.0.0.2 - - [22/Sep/2017:15:40:04 +0100] "GET / HTTP/1.0" 301 - "-" "check_http/v1.4.16 (nagios-plugins 1.4.16)"
89.101.128.109 - - [22/Sep/2017:15:40:09 +0100] "GET / HTTP/1.1" 200 155239 "https://www.topflight.ie/go/hotelsearch?logSearch=true&monthsearch=false&data_destination=0&data_checkin_date=30/9/2017&data_checkout_date=7/10/2017&data_traveldate=30/9/2017&data_flexibility=3&data_infant_travcount=0&data_adult_travcount=2&data_child_travcount=0&data_currency=EUR&data_airport=DUB&data_duration=7&pr=TFS" "Mozilla/5.0 (Macintosh; Intel Mac OS X 10_12_6) AppleWebKit/537.36 (KHTML, like Gecko) Chrome/60.0.3112.90 Safari/537.36"
89.101.128.109 - - [22/Sep/2017:15:40:10 +0100] "POST /?17-1.IFormSubmitListener-headerPanel-headerContainer-search-searchFormTabsPanel-packageSearchPanel-inputForm HTTP/1.1" 301 - "https://www.topflight.ie/" "Mozilla/5.0 (Macintosh; Intel Mac OS X 10_12_6) AppleWebKit/537.36 (KHTML, like Gecko) Chrome/60.0.3112.90 Safari/537.36"
89.101.128.109 - - [22/Sep/2017:15:40:11 +0100] "GET /go/hotelsearch?logSearch=true&monthsearch=false&data_destination=0&data_checkin_date=30/9/2017&data_checkout_date=7/10/2017&data_traveldate=30/9/2017&data_flexibility=3&data_infant_travcount=0&data_adult_travcount=2&data_child_travcount=0&data_currency=EUR&data_airport=DUB&data_duration=7&pr=TFS HTTP/1.1" 200 150175 "https://www.topflight.ie/" "Mozilla/5.0 (Macintosh; Intel Mac OS X 10_12_6) AppleWebKit/537.36 (KHTML, like Gecko) Chrome/60.0.3112.90 Safari/537.36"
10.0.0.2 - - [22/Sep/2017:15:40:12 +0100] "GET /go/hotelsearch?data_adult_travcount=4&data_airport=DUB&data_checkin_date=20/1/2018&data_checkout_date=27/1/2018&data_child_travcount=0&data_currency=EUR&data_destination=0&data_flexibility=3&data_infant_travcount=0&data_traveldate=20/1/2018&logSearch=true&monthsearch=false&number_of_rooms=2&pr=SKI HTTP/1.1" 200 122487 "-" "Mozilla/5.0 (compatible; Facebot 1.0; https://developers.facebook.com/docs/sharing/webmasters/crawler)"
89.101.128.109 - - [22/Sep/2017:15:40:12 +0100] "GET / HTTP/1.1" 200 155239 "https://www.topflight.ie/go/hotelsearch?logSearch=true&monthsearch=false&data_destination=0&data_checkin_date=30/9/2017&data_checkout_date=7/10/2017&data_traveldate=30/9/2017&data_flexibility=3&data_infant_travcount=0&data_adult_travcount=2&data_child_travcount=0&data_currency=EUR&data_airport=DUB&data_duration=7&pr=TFS" "Mozilla/5.0 (Macintosh; Intel Mac OS X 10_12_6) AppleWebKit/537.36 (KHTML, like Gecko) Chrome/60.0.3112.90 Safari/537.36"
10.0.0.2 - - [22/Sep/2017:15:40:16 +0100] "HEAD / HTTP/1.0" 301 - "-" "NewRelicPinger/1.0 (623729)"
49.14.65.215 - - [22/Sep/2017:15:40:24 +0100] "GET /wp-login.php HTTP/1.1" 301 - "-" "Mozilla/5.0 (Windows NT 6.1; WOW64; rv:40.0) Gecko/20100101 Firefox/40.1"
49.14.65.215 - - [22/Sep/2017:15:40:25 +0100] "GET /go/404 HTTP/1.1" 404 30348 "-" "Mozilla/5.0 (Windows NT 6.1; WOW64; rv:40.0) Gecko/20100101 Firefox/40.1"
49.14.65.215 - - [22/Sep/2017:15:40:27 +0100] "GET / HTTP/1.1" 301 - "-" "Mozilla/5.0 (Windows NT 6.1; WOW64; rv:40.0) Gecko/20100101 Firefox/40.1"
49.14.65.215 - - [22/Sep/2017:15:40:27 +0100] "GET / HTTP/1.1" 200 55264 "-" "Mozilla/5.0 (Windows NT 6.1; WOW64; rv:40.0) Gecko/20100101 Firefox/40.1"
10.0.0.2 - - [22/Sep/2017:15:40:34 +0100] "POST /go/hotelsearch?3-1.IBehaviorListener.0-refineSearchFilters-roomFilter-form-selectedNumberOfRooms&logSearch=true&monthsearch=false&data_destination=0&data_checkin_date=24/3/2018&data_checkout_date=31/3/2018&data_traveldate=24/3/2018&data_flexibility=3&data_infant_travcount=1&data_adult_travcount=2&data_child_travcount=2&data_currency=EUR&data_airport=DUB&pr=SKI HTTP/1.1" 200 361 "https://www.directski.com/go/hotelsearch?logSearch=true&monthsearch=false&data_destination=0&data_checkin_date=24/3/2018&data_checkout_date=31/3/2018&data_traveldate=24/3/2018&data_flexibility=3&data_infant_travcount=1&data_adult_travcount=2&data_child_travcount=2&data_currency=EUR&data_airport=DUB&pr=SKI" "Mozilla/5.0 (Windows NT 6.1; Win64; x64) AppleWebKit/537.36 (KHTML, like Gecko) Chrome/60.0.3112.113 Safari/537.36"
10.0.0.2 - - [22/Sep/2017:15:40:39 +0100] "GET /go/hotelsearch?logSearch=true&monthsearch=false&data_destination=0&data_checkin_date=24/3/2018&data_checkout_date=31/3/2018&data_traveldate=24/3/2018&data_flexibility=3&data_infant_travcount=1&data_adult_travcount=2&data_child_travcount=2&data_currency=EUR&data_airport=DUB&number_of_rooms=1&pr=SKI HTTP/1.1" 200 92652 "https://www.directski.com/go/hotelsearch?logSearch=true&monthsearch=false&data_destination=0&data_checkin_date=24/3/2018&data_checkout_date=31/3/2018&data_traveldate=24/3/2018&data_flexibility=3&data_infant_travcount=1&data_adult_travcount=2&data_child_travcount=2&data_currency=EUR&data_airport=DUB&pr=SKI" "Mozilla/5.0 (Windows NT 6.1; Win64; x64) AppleWebKit/537.36 (KHTML, like Gecko) Chrome/60.0.3112.113 Safari/537.36"
10.0.0.2 - - [22/Sep/2017:15:40:40 +0100] "GET /stylesheets_java/ds/master.css?r=5240 HTTP/1.1" 200 285024 "https://www.directski.com/go/hotelsearch?logSearch=true&monthsearch=false&data_destination=0&data_checkin_date=24/3/2018&data_checkout_date=31/3/2018&data_traveldate=24/3/2018&data_flexibility=3&data_infant_travcount=1&data_adult_travcount=2&data_child_travcount=2&data_currency=EUR&data_airport=DUB&number_of_rooms=1&pr=SKI" "Mozilla/5.0 (Windows NT 6.1; Win64; x64) AppleWebKit/537.36 (KHTML, like Gecko) Chrome/60.0.3112.113 Safari/537.36"
10.0.0.2 - - [22/Sep/2017:15:40:40 +0100] "GET /images/ds/logo-v4.png HTTP/1.1" 200 5743 "https://www.directski.com/go/hotelsearch?logSearch=true&monthsearch=false&data_destination=0&data_checkin_date=24/3/2018&data_checkout_date=31/3/2018&data_traveldate=24/3/2018&data_flexibility=3&data_infant_travcount=1&data_adult_travcount=2&data_child_travcount=2&data_currency=EUR&data_airport=DUB&number_of_rooms=1&pr=SKI" "Mozilla/5.0 (Windows NT 6.1; Win64; x64) AppleWebKit/537.36 (KHTML, like Gecko) Chrome/60.0.3112.113 Safari/537.36"
10.0.0.2 - - [22/Sep/2017:15:40:40 +0100] "GET /javascript/foundation/foundation.min.js HTTP/1.1" 200 106144 "https://www.directski.com/go/hotelsearch?logSearch=true&monthsearch=false&data_destination=0&data_checkin_date=24/3/2018&data_checkout_date=31/3/2018&data_traveldate=24/3/2018&data_flexibility=3&data_infant_travcount=1&data_adult_travcount=2&data_child_travcount=2&data_currency=EUR&data_airport=DUB&number_of_rooms=1&pr=SKI" "Mozilla/5.0 (Windows NT 6.1; Win64; x64) AppleWebKit/537.36 (KHTML, like Gecko) Chrome/60.0.3112.113 Safari/537.36"
10.0.0.2 - - [22/Sep/2017:15:40:40 +0100] "GET /wro/dsJs.js?r=5240&minimize=true HTTP/1.1" 304 - "https://www.directski.com/go/hotelsearch?logSearch=true&monthsearch=false&data_destination=0&data_checkin_date=24/3/2018&data_checkout_date=31/3/2018&data_traveldate=24/3/2018&data_flexibility=3&data_infant_travcount=1&data_adult_travcount=2&data_child_travcount=2&data_currency=EUR&data_airport=DUB&number_of_rooms=1&pr=SKI" "Mozilla/5.0 (Windows NT 6.1; Win64; x64) AppleWebKit/537.36 (KHTML, like Gecko) Chrome/60.0.3112.113 Safari/537.36"
10.0.0.2 - - [22/Sep/2017:15:40:40 +0100] "GET /images/ds/logo-v4.png HTTP/1.1" 200 5743 "https://www.directski.com/go/hotelsearch?logSearch=true&monthsearch=false&data_destination=0&data_checkin_date=24/3/2018&data_checkout_date=31/3/2018&data_traveldate=24/3/2018&data_flexibility=3&data_infant_travcount=1&data_adult_travcount=2&data_child_travcount=2&data_currency=EUR&data_airport=DUB&number_of_rooms=1&pr=SKI" "Mozilla/5.0 (Windows NT 6.1; Win64; x64) AppleWebKit/537.36 (KHTML, like Gecko) Chrome/60.0.3112.113 Safari/537.36"
10.0.0.2 - - [22/Sep/2017:15:40:46 +0100] "POST /go/hotelsearch?4-1.IBehaviorListener.0-refineSearchFilters-roomFilter-form-selectedNumberOfRooms&logSearch=true&monthsearch=false&data_destination=0&data_checkin_date=24/3/2018&data_checkout_date=31/3/2018&data_traveldate=24/3/2018&data_flexibility=3&data_infant_travcount=1&data_adult_travcount=2&data_child_travcount=2&data_currency=EUR&data_airport=DUB&number_of_rooms=1&pr=SKI HTTP/1.1" 200 343 "https://www.directski.com/go/hotelsearch?logSearch=true&monthsearch=false&data_destination=0&data_checkin_date=24/3/2018&data_checkout_date=31/3/2018&data_traveldate=24/3/2018&data_flexibility=3&data_infant_travcount=1&data_adult_travcount=2&data_child_travcount=2&data_currency=EUR&data_airport=DUB&number_of_rooms=1&pr=SKI" "Mozilla/5.0 (Windows NT 6.1; Win64; x64) AppleWebKit/537.36 (KHTML, like Gecko) Chrome/60.0.3112.113 Safari/537.36"
10.0.0.2 - - [22/Sep/2017:15:40:48 +0100] "GET /go/hotelsearch?logSearch=true&monthsearch=false&data_destination=0&data_checkin_date=24/3/2018&data_checkout_date=31/3/2018&data_traveldate=24/3/2018&data_flexibility=3&data_infant_travcount=1&data_adult_travcount=2&data_child_travcount=2&data_currency=EUR&data_airport=DUB&pr=SKI HTTP/1.1" 200 128728 "https://www.directski.com/go/hotelsearch?logSearch=true&monthsearch=false&data_destination=0&data_checkin_date=24/3/2018&data_checkout_date=31/3/2018&data_traveldate=24/3/2018&data_flexibility=3&data_infant_travcount=1&data_adult_travcount=2&data_child_travcount=2&data_currency=EUR&data_airport=DUB&number_of_rooms=1&pr=SKI" "Mozilla/5.0 (Windows NT 6.1; Win64; x64) AppleWebKit/537.36 (KHTML, like Gecko) Chrome/60.0.3112.113 Safari/537.36"
10.0.0.2 - - [22/Sep/2017:15:40:49 +0100] "GET /stylesheets_java/ds/master.css?r=5240 HTTP/1.1" 200 285024 "https://www.directski.com/go/hotelsearch?logSearch=true&monthsearch=false&data_destination=0&data_checkin_date=24/3/2018&data_checkout_date=31/3/2018&data_traveldate=24/3/2018&data_flexibility=3&data_infant_travcount=1&data_adult_travcount=2&data_child_travcount=2&data_currency=EUR&data_airport=DUB&pr=SKI" "Mozilla/5.0 (Windows NT 6.1; Win64; x64) AppleWebKit/537.36 (KHTML, like Gecko) Chrome/60.0.3112.113 Safari/537.36"
10.0.0.2 - - [22/Sep/2017:15:40:49 +0100] "GET /images/ds/logo-v4.png HTTP/1.1" 200 5743 "https://www.directski.com/go/hotelsearch?logSearch=true&monthsearch=false&data_destination=0&data_checkin_date=24/3/2018&data_checkout_date=31/3/2018&data_traveldate=24/3/2018&data_flexibility=3&data_infant_travcount=1&data_adult_travcount=2&data_child_travcount=2&data_currency=EUR&data_airport=DUB&pr=SKI" "Mozilla/5.0 (Windows NT 6.1; Win64; x64) AppleWebKit/537.36 (KHTML, like Gecko) Chrome/60.0.3112.113 Safari/537.36"
10.0.0.2 - - [22/Sep/2017:15:40:49 +0100] "GET /javascript/foundation/foundation.min.js HTTP/1.1" 200 106144 "https://www.directski.com/go/hotelsearch?logSearch=true&monthsearch=false&data_destination=0&data_checkin_date=24/3/2018&data_checkout_date=31/3/2018&data_traveldate=24/3/2018&data_flexibility=3&data_infant_travcount=1&data_adult_travcount=2&data_child_travcount=2&data_currency=EUR&data_airport=DUB&pr=SKI" "Mozilla/5.0 (Windows NT 6.1; Win64; x64) AppleWebKit/537.36 (KHTML, like Gecko) Chrome/60.0.3112.113 Safari/537.36"
10.0.0.2 - - [22/Sep/2017:15:40:49 +0100] "GET /wro/dsJs.js?r=5240&minimize=true HTTP/1.1" 304 - "https://www.directski.com/go/hotelsearch?logSearch=true&monthsearch=false&data_destination=0&data_checkin_date=24/3/2018&data_checkout_date=31/3/2018&data_traveldate=24/3/2018&data_flexibility=3&data_infant_travcount=1&data_adult_travcount=2&data_child_travcount=2&data_currency=EUR&data_airport=DUB&pr=SKI" "Mozilla/5.0 (Windows NT 6.1; Win64; x64) AppleWebKit/537.36 (KHTML, like Gecko) Chrome/60.0.3112.113 Safari/537.36"
10.0.0.2 - - [22/Sep/2017:15:40:49 +0100] "GET /images/ds/staff-pick.png HTTP/1.1" 200 16110 "https://www.directski.com/go/hotelsearch?logSearch=true&monthsearch=false&data_destination=0&data_checkin_date=24/3/2018&data_checkout_date=31/3/2018&data_traveldate=24/3/2018&data_flexibility=3&data_infant_travcount=1&data_adult_travcount=2&data_child_travcount=2&data_currency=EUR&data_airport=DUB&pr=SKI" "Mozilla/5.0 (Windows NT 6.1; Win64; x64) AppleWebKit/537.36 (KHTML, like Gecko) Chrome/60.0.3112.113 Safari/537.36"
10.0.0.2 - - [22/Sep/2017:15:40:49 +0100] "GET /images/ds/staff-pick.png HTTP/1.1" 200 16110 "https://www.directski.com/go/hotelsearch?logSearch=true&monthsearch=false&data_destination=0&data_checkin_date=24/3/2018&data_checkout_date=31/3/2018&data_traveldate=24/3/2018&data_flexibility=3&data_infant_travcount=1&data_adult_travcount=2&data_child_travcount=2&data_currency=EUR&data_airport=DUB&pr=SKI" "Mozilla/5.0 (Windows NT 6.1; Win64; x64) AppleWebKit/537.36 (KHTML, like Gecko) Chrome/60.0.3112.113 Safari/537.36"
10.0.0.2 - - [22/Sep/2017:15:40:49 +0100] "GET /images/ds/logo-v4.png HTTP/1.1" 200 5743 "https://www.directski.com/go/hotelsearch?logSearch=true&monthsearch=false&data_destination=0&data_checkin_date=24/3/2018&data_checkout_date=31/3/2018&data_traveldate=24/3/2018&data_flexibility=3&data_infant_travcount=1&data_adult_travcount=2&data_child_travcount=2&data_currency=EUR&data_airport=DUB&pr=SKI" "Mozilla/5.0 (Windows NT 6.1; Win64; x64) AppleWebKit/537.36 (KHTML, like Gecko) Chrome/60.0.3112.113 Safari/537.36"
10.0.0.2 - - [22/Sep/2017:15:40:53 +0100] "GET /ski/france/plan_peisey_les_arcs/chalet_bouquetin HTTP/1.1" 200 89359 "https://www.directski.com/go/hotelsearch?logSearch=true&monthsearch=false&data_destination=0&data_checkin_date=24/3/2018&data_checkout_date=31/3/2018&data_traveldate=24/3/2018&data_flexibility=3&data_infant_travcount=1&data_adult_travcount=2&data_child_travcount=2&data_currency=EUR&data_airport=DUB&pr=SKI" "Mozilla/5.0 (Windows NT 6.1; Win64; x64) AppleWebKit/537.36 (KHTML, like Gecko) Chrome/60.0.3112.113 Safari/537.36"
10.0.0.2 - - [22/Sep/2017:15:40:53 +0100] "GET /stylesheets_java/ds/master.css?r=5240 HTTP/1.1" 200 285024 "https://www.directski.com/ski/france/plan_peisey_les_arcs/chalet_bouquetin" "Mozilla/5.0 (Windows NT 6.1; Win64; x64) AppleWebKit/537.36 (KHTML, like Gecko) Chrome/60.0.3112.113 Safari/537.36"
10.0.0.2 - - [22/Sep/2017:15:40:53 +0100] "GET /javascript/foundation/foundation.min.js HTTP/1.1" 200 106144 "https://www.directski.com/ski/france/plan_peisey_les_arcs/chalet_bouquetin" "Mozilla/5.0 (Windows NT 6.1; Win64; x64) AppleWebKit/537.36 (KHTML, like Gecko) Chrome/60.0.3112.113 Safari/537.36"
10.0.0.2 - - [22/Sep/2017:15:40:53 +0100] "GET /wro/dsJs.js?r=5240&minimize=true HTTP/1.1" 304 - "https://www.directski.com/ski/france/plan_peisey_les_arcs/chalet_bouquetin" "Mozilla/5.0 (Windows NT 6.1; Win64; x64) AppleWebKit/537.36 (KHTML, like Gecko) Chrome/60.0.3112.113 Safari/537.36"
10.0.0.2 - - [22/Sep/2017:15:40:53 +0100] "GET /images/ds/logo-v4.png HTTP/1.1" 200 5743 "https://www.directski.com/ski/france/plan_peisey_les_arcs/chalet_bouquetin" "Mozilla/5.0 (Windows NT 6.1; Win64; x64) AppleWebKit/537.36 (KHTML, like Gecko) Chrome/60.0.3112.113 Safari/537.36"
10.0.0.2 - - [22/Sep/2017:15:40:54 +0100] "GET /javascript/utils.min.js HTTP/1.1" 200 22371 "https://www.directski.com/ski/france/plan_peisey_les_arcs/chalet_bouquetin" "Mozilla/5.0 (Windows NT 6.1; Win64; x64) AppleWebKit/537.36 (KHTML, like Gecko) Chrome/60.0.3112.113 Safari/537.36"
10.0.0.2 - - [22/Sep/2017:15:40:54 +0100] "GET /wro/MapMakerJS.js HTTP/1.1" 304 - "https://www.directski.com/ski/france/plan_peisey_les_arcs/chalet_bouquetin" "Mozilla/5.0 (Windows NT 6.1; Win64; x64) AppleWebKit/537.36 (KHTML, like Gecko) Chrome/60.0.3112.113 Safari/537.36"
10.0.0.2 - - [22/Sep/2017:15:40:54 +0100] "GET /stylesheets_java/ds/ajax-loader.gif HTTP/1.1" 200 4178 "https://www.directski.com/stylesheets_java/ds/master.css?r=5240" "Mozilla/5.0 (Windows NT 6.1; Win64; x64) AppleWebKit/537.36 (KHTML, like Gecko) Chrome/60.0.3112.113 Safari/537.36"
10.0.0.2 - - [22/Sep/2017:15:40:54 +0100] "GET /ski/france/plan_peisey_les_arcs/chalet_bouquetin?6-1.IBehaviorListener.0-panel-SkiPackTab&_=1506091491164 HTTP/1.1" 200 13381 "https://www.directski.com/ski/france/plan_peisey_les_arcs/chalet_bouquetin" "Mozilla/5.0 (Windows NT 6.1; Win64; x64) AppleWebKit/537.36 (KHTML, like Gecko) Chrome/60.0.3112.113 Safari/537.36"
10.0.0.2 - - [22/Sep/2017:15:40:57 +0100] "GET /ski/france/plan_peisey_les_arcs/chalet_bouquetin?6-1.IBehaviorListener.0-panel-options-bookList-hotelListplaceholder&_=1506091491165 HTTP/1.1" 200 18992 "https://www.directski.com/ski/france/plan_peisey_les_arcs/chalet_bouquetin" "Mozilla/5.0 (Windows NT 6.1; Win64; x64) AppleWebKit/537.36 (KHTML, like Gecko) Chrome/60.0.3112.113 Safari/537.36"
5.178.78.77 - - [22/Sep/2017:15:40:58 +0100] "GET /agent/login HTTP/1.1" 200 6127 "-" "Pingdom.com_bot_version_1.4_(http://www.pingdom.com/)"
10.0.0.2 - - [22/Sep/2017:15:41:06 +0100] "GET /booking?hotel=FARCBQ&travelDate=24032018&duration=7&pr=SKI&currency=EUR&airport=DUB&adults=2&infants=1&kids=2 HTTP/1.1" 200 79974 "https://www.directski.com/ski/france/plan_peisey_les_arcs/chalet_bouquetin" "Mozilla/5.0 (Windows NT 6.1; Win64; x64) AppleWebKit/537.36 (KHTML, like Gecko) Chrome/60.0.3112.113 Safari/537.36"
10.0.0.2 - - [22/Sep/2017:15:41:06 +0100] "GET /stylesheets_java/ds/master.css?r=5240 HTTP/1.1" 200 285024 "https://www.directski.com/booking?hotel=FARCBQ&travelDate=24032018&duration=7&pr=SKI&currency=EUR&airport=DUB&adults=2&infants=1&kids=2" "Mozilla/5.0 (Windows NT 6.1; Win64; x64) AppleWebKit/537.36 (KHTML, like Gecko) Chrome/60.0.3112.113 Safari/537.36"
10.0.0.2 - - [22/Sep/2017:15:41:06 +0100] "GET /images/ds/logo-v4.png HTTP/1.1" 200 5743 "https://www.directski.com/booking?hotel=FARCBQ&travelDate=24032018&duration=7&pr=SKI&currency=EUR&airport=DUB&adults=2&infants=1&kids=2" "Mozilla/5.0 (Windows NT 6.1; Win64; x64) AppleWebKit/537.36 (KHTML, like Gecko) Chrome/60.0.3112.113 Safari/537.36"
50.112.95.211 - - [22/Sep/2017:15:41:06 +0100] "HEAD / HTTP/1.0" 301 - "-" "NewRelicPinger/1.0 (623729)"
10.0.0.2 - - [22/Sep/2017:15:41:06 +0100] "GET /javascript/foundation/foundation.min.js HTTP/1.1" 200 106144 "https://www.directski.com/booking?hotel=FARCBQ&travelDate=24032018&duration=7&pr=SKI&currency=EUR&airport=DUB&adults=2&infants=1&kids=2" "Mozilla/5.0 (Windows NT 6.1; Win64; x64) AppleWebKit/537.36 (KHTML, like Gecko) Chrome/60.0.3112.113 Safari/537.36"
10.0.0.2 - - [22/Sep/2017:15:41:06 +0100] "GET /wro/dsJs.js?r=5240&minimize=true HTTP/1.1" 304 - "https://www.directski.com/booking?hotel=FARCBQ&travelDate=24032018&duration=7&pr=SKI&currency=EUR&airport=DUB&adults=2&infants=1&kids=2" "Mozilla/5.0 (Windows NT 6.1; Win64; x64) AppleWebKit/537.36 (KHTML, like Gecko) Chrome/60.0.3112.113 Safari/537.36"
10.0.0.2 - - [22/Sep/2017:15:41:06 +0100] "GET /images/ds/logo-v4.png HTTP/1.1" 200 5743 "https://www.directski.com/booking?hotel=FARCBQ&travelDate=24032018&duration=7&pr=SKI&currency=EUR&airport=DUB&adults=2&infants=1&kids=2" "Mozilla/5.0 (Windows NT 6.1; Win64; x64) AppleWebKit/537.36 (KHTML, like Gecko) Chrome/60.0.3112.113 Safari/537.36"
164.132.161.20 - - [22/Sep/2017:15:41:21 +0100] "GET /summer-sun/italy/lake_garda/desenzano HTTP/1.1" 301 - "-" "Mozilla/5.0 (compatible; AhrefsBot/5.2; +http://ahrefs.com/robot/)"
40.77.167.71 - - [22/Sep/2017:15:41:23 +0100] "GET /ski-breaks/pkg/austria/westendorf/hotel_jakobwirt?data_filter_travcount=2&select_week=null&data_filter_airport=DUB&data_currency=EUR HTTP/1.1" 200 141943 "-" "Mozilla/5.0 (compatible; bingbot/2.0; +http://www.bing.com/bingbot.htm)"
157.55.39.249 - - [22/Sep/2017:15:41:29 +0100] "GET /summer-sun/italy/sorrento/hotel-carlton-hb.aspx HTTP/1.1" 404 91952 "-" "Mozilla/5.0 (compatible; bingbot/2.0; +http://www.bing.com/bingbot.htm)"
54.247.188.179 - - [22/Sep/2017:15:41:36 +0100] "HEAD / HTTP/1.0" 301 - "-" "NewRelicPinger/1.0 (623729)"
5.172.196.188 - - [22/Sep/2017:15:41:50 +0100] "GET /admin HTTP/1.1" 200 5529 "-" "Pingdom.com_bot_version_1.4_(http://www.pingdom.com/)"
178.255.153.2 - - [22/Sep/2017:15:41:56 +0100] "GET / HTTP/1.1" 200 155117 "-" "Pingdom.com_bot_version_1.4_(http://www.pingdom.com/)"
10.0.0.2 - - [22/Sep/2017:15:42:03 +0100] "GET / HTTP/1.0" 301 - "-" "check_http/v1.4.16 (nagios-plugins 1.4.16)"
54.248.250.232 - - [22/Sep/2017:15:42:17 +0100] "HEAD / HTTP/1.0" 301 - "-" "NewRelicPinger/1.0 (623729)"
54.251.34.67 - - [22/Sep/2017:15:42:22 +0100] "HEAD / HTTP/1.0" 301 - "-" "NewRelicPinger/1.0 (623729)"
184.73.237.85 - - [22/Sep/2017:15:42:26 +0100] "HEAD / HTTP/1.0" 301 - "-" "NewRelicPinger/1.0 (623729)"
157.55.39.249 - - [22/Sep/2017:15:42:38 +0100] "GET /summer-sun/italy/sorrento_amalfi_coast/sorrento/hotel_bristol?data_filter_travcount=2&select_week=null&data_filter_airport=DUB&data_currency=EUR HTTP/1.1" 200 146623 "-" "Mozilla/5.0 (compatible; bingbot/2.0; +http://www.bing.com/bingbot.htm)"
10.0.0.2 - - [22/Sep/2017:15:42:46 +0100] "HEAD / HTTP/1.0" 301 - "-" "NewRelicPinger/1.0 (623729)"
54.247.188.179 - - [22/Sep/2017:15:42:47 +0100] "HEAD / HTTP/1.0" 301 - "-" "NewRelicPinger/1.0 (623729)"
184.73.237.85 - - [22/Sep/2017:15:42:49 +0100] "HEAD / HTTP/1.0" 301 - "-" "NewRelicPinger/1.0 (623729)"
10.0.0.2 - - [22/Sep/2017:15:42:52 +0100] "GET /ski/france/la_tania/christiania_apartments HTTP/1.1" 200 79452 "-" "Mozilla/5.0 (compatible; bingbot/2.0; +http://www.bing.com/bingbot.htm)"
85.93.93.124 - - [22/Sep/2017:15:42:53 +0100] "GET /holidays/summer-holiday-deals HTTP/1.1" 200 278550 "-" "Pingdom.com_bot_version_1.4_(http://www.pingdom.com/)"
159.8.146.132 - - [22/Sep/2017:15:42:56 +0100] "GET /agent/login HTTP/1.1" 200 6127 "-" "Pingdom.com_bot_version_1.4_(http://www.pingdom.com/)"
94.247.174.83 - - [22/Sep/2017:15:42:56 +0100] "GET / HTTP/1.1" 200 155117 "-" "Pingdom.com_bot_version_1.4_(http://www.pingdom.com/)"
40.77.167.71 - - [22/Sep/2017:15:43:00 +0100] "GET /summer-sun/italy/venetian_riviera/lido_di_jesolo/hotel_principe_palace?data_filter_travcount=2&select_week=16_60&data_filter_airport=ORK&data_currency=EUR HTTP/1.1" 200 130545 "-" "Mozilla/5.0 (compatible; bingbot/2.0; +http://www.bing.com/bingbot.htm)"
10.0.0.2 - - [22/Sep/2017:15:43:01 +0100] "GET / HTTP/1.0" 301 - "-" "check_http/v1.4.16 (nagios-plugins 1.4.16)"
10.0.10.12 - - [22/Sep/2017:15:43:02 +0100] "GET / HTTP/1.1" 301 - "-" "check_http/v (nagios-plugins 1.4.15)"
90.217.0.124 - - [22/Sep/2017:15:43:05 +0100] "GET /ski-breaks/holidays/ski-guides/liveliest-ski-resorts HTTP/1.1" 200 101164 "https://www.google.co.uk/" "Mozilla/5.0 (Linux; Android 6.0.1; SM-J510FN Build/MMB29M) AppleWebKit/537.36 (KHTML, like Gecko) Chrome/60.0.3112.116 Mobile Safari/537.36"
90.217.0.124 - - [22/Sep/2017:15:43:06 +0100] "GET /wicket/resource/org.apache.wicket.resource.JQueryResourceReference/jquery/jquery-1.11.0.min-ver-8FC25E27D42774AEAE6EDBC0A18B72AA.js HTTP/1.1" 200 96381 "https://www.topflight.ie/ski-breaks/holidays/ski-guides/liveliest-ski-resorts" "Mozilla/5.0 (Linux; Android 6.0.1; SM-J510FN Build/MMB29M) AppleWebKit/537.36 (KHTML, like Gecko) Chrome/60.0.3112.116 Mobile Safari/537.36"
90.217.0.124 - - [22/Sep/2017:15:43:06 +0100] "GET /wicket/resource/com.directski.DirectSkiApplication/wicketJS-ver-E2D6DE8CB895FCA874CD7B696D036921 HTTP/1.1" 200 45761 "https://www.topflight.ie/ski-breaks/holidays/ski-guides/liveliest-ski-resorts" "Mozilla/5.0 (Linux; Android 6.0.1; SM-J510FN Build/MMB29M) AppleWebKit/537.36 (KHTML, like Gecko) Chrome/60.0.3112.116 Mobile Safari/537.36"
90.217.0.124 - - [22/Sep/2017:15:43:06 +0100] "GET /wro/topflightJSb.js?r=5240&minimize=true HTTP/1.1" 200 174345 "https://www.topflight.ie/ski-breaks/holidays/ski-guides/liveliest-ski-resorts" "Mozilla/5.0 (Linux; Android 6.0.1; SM-J510FN Build/MMB29M) AppleWebKit/537.36 (KHTML, like Gecko) Chrome/60.0.3112.116 Mobile Safari/537.36"
10.0.0.2 - - [22/Sep/2017:15:43:07 +0100] "GET / HTTP/1.1" 200 146955 "-" "Pingdom.com_bot_version_1.4_(http://www.pingdom.com/)"
89.101.128.109 - - [22/Sep/2017:15:43:21 +0100] "POST /?19-1.IFormSubmitListener-headerPanel-headerContainer-search-searchFormTabsPanel-packageSearchPanel-inputForm HTTP/1.1" 301 - "https://www.topflight.ie/" "Mozilla/5.0 (Macintosh; Intel Mac OS X 10_12_6) AppleWebKit/537.36 (KHTML, like Gecko) Chrome/60.0.3112.90 Safari/537.36"
89.101.128.109 - - [22/Sep/2017:15:43:21 +0100] "GET /go/hotelsearch?logSearch=true&monthsearch=false&data_destination=0&data_checkin_date=30/9/2017&data_checkout_date=7/10/2017&data_traveldate=30/9/2017&data_flexibility=3&data_infant_travcount=0&data_adult_travcount=2&data_child_travcount=0&data_currency=EUR&data_airport=DUB&data_duration=7&pr=TFS HTTP/1.1" 200 150175 "https://www.topflight.ie/" "Mozilla/5.0 (Macintosh; Intel Mac OS X 10_12_6) AppleWebKit/537.36 (KHTML, like Gecko) Chrome/60.0.3112.90 Safari/537.36"
90.217.0.124 - - [22/Sep/2017:15:43:22 +0100] "GET /ski-breaks/pkg/austria/soll HTTP/1.1" 200 131849 "https://www.topflight.ie/ski-breaks/holidays/ski-guides/liveliest-ski-resorts" "Mozilla/5.0 (Linux; Android 6.0.1; SM-J510FN Build/MMB29M) AppleWebKit/537.36 (KHTML, like Gecko) Chrome/60.0.3112.116 Mobile Safari/537.36"
90.217.0.124 - - [22/Sep/2017:15:43:23 +0100] "GET /wicket/resource/org.apache.wicket.ajax.AbstractDefaultAjaxBehavior/indicator-ver-03CE3DCC84AF110E9DA8699A841E5200.gif HTTP/1.1" 200 1553 "https://www.topflight.ie/ski-breaks/pkg/austria/soll" "Mozilla/5.0 (Linux; Android 6.0.1; SM-J510FN Build/MMB29M) AppleWebKit/537.36 (KHTML, like Gecko) Chrome/60.0.3112.116 Mobile Safari/537.36"
89.101.128.109 - - [22/Sep/2017:15:43:23 +0100] "GET / HTTP/1.1" 200 155239 "https://www.topflight.ie/go/hotelsearch?logSearch=true&monthsearch=false&data_destination=0&data_checkin_date=30/9/2017&data_checkout_date=7/10/2017&data_traveldate=30/9/2017&data_flexibility=3&data_infant_travcount=0&data_adult_travcount=2&data_child_travcount=0&data_currency=EUR&data_airport=DUB&data_duration=7&pr=TFS" "Mozilla/5.0 (Macintosh; Intel Mac OS X 10_12_6) AppleWebKit/537.36 (KHTML, like Gecko) Chrome/60.0.3112.90 Safari/537.36"
178.255.154.2 - - [22/Sep/2017:15:43:24 +0100] "GET / HTTP/1.1" 200 64764 "-" "Pingdom.com_bot_version_1.4_(http://www.pingdom.com/)"
89.101.128.109 - - [22/Sep/2017:15:43:25 +0100] "POST /?21-1.IFormSubmitListener-headerPanel-headerContainer-search-searchFormTabsPanel-packageSearchPanel-inputForm HTTP/1.1" 301 - "https://www.topflight.ie/" "Mozilla/5.0 (Macintosh; Intel Mac OS X 10_12_6) AppleWebKit/537.36 (KHTML, like Gecko) Chrome/60.0.3112.90 Safari/537.36"
89.101.128.109 - - [22/Sep/2017:15:43:25 +0100] "GET /go/hotelsearch?logSearch=true&monthsearch=false&data_destination=0&data_checkin_date=30/9/2017&data_checkout_date=7/10/2017&data_traveldate=30/9/2017&data_flexibility=3&data_infant_travcount=0&data_adult_travcount=2&data_child_travcount=0&data_currency=EUR&data_airport=DUB&data_duration=7&pr=TFS HTTP/1.1" 200 150175 "https://www.topflight.ie/" "Mozilla/5.0 (Macintosh; Intel Mac OS X 10_12_6) AppleWebKit/537.36 (KHTML, like Gecko) Chrome/60.0.3112.90 Safari/537.36"
89.101.128.109 - - [22/Sep/2017:15:43:26 +0100] "GET /wro/topflightJSb.js?r=5240&minimize=true HTTP/1.1" 304 - "https://www.topflight.ie/go/hotelsearch?logSearch=true&monthsearch=false&data_destination=0&data_checkin_date=30/9/2017&data_checkout_date=7/10/2017&data_traveldate=30/9/2017&data_flexibility=3&data_infant_travcount=0&data_adult_travcount=2&data_child_travcount=0&data_currency=EUR&data_airport=DUB&data_duration=7&pr=TFS" "Mozilla/5.0 (Macintosh; Intel Mac OS X 10_12_6) AppleWebKit/537.36 (KHTML, like Gecko) Chrome/60.0.3112.90 Safari/537.36"
90.217.0.124 - - [22/Sep/2017:15:43:26 +0100] "GET /ski-breaks/pkg/austria/soll?1-1.IBehaviorListener.0-panel-hotels-results-hotels&_=1506091641011 HTTP/1.1" 200 16332 "https://www.topflight.ie/ski-breaks/pkg/austria/soll" "Mozilla/5.0 (Linux; Android 6.0.1; SM-J510FN Build/MMB29M) AppleWebKit/537.36 (KHTML, like Gecko) Chrome/60.0.3112.116 Mobile Safari/537.36"
10.0.10.1 - - [22/Sep/2017:15:43:27 +0100] "GET /manager/status?XML=true HTTP/1.1" 401 17706 "-" "libwww-perl/6.13"
10.0.10.1 - nagios [22/Sep/2017:15:43:27 +0100] "GET /manager/status?XML=true HTTP/1.1" 200 3129 "-" "libwww-perl/6.13"
89.101.128.109 - - [22/Sep/2017:15:43:27 +0100] "GET /admin HTTP/1.1" 301 - "-" "Mozilla/5.0 (Windows NT 10.0; Win64; x64) AppleWebKit/537.36 (KHTML, like Gecko) Chrome/61.0.3163.100 Safari/537.36"
89.101.128.109 - - [22/Sep/2017:15:43:27 +0100] "GET /admin HTTP/1.1" 200 37912 "-" "Mozilla/5.0 (Windows NT 10.0; Win64; x64) AppleWebKit/537.36 (KHTML, like Gecko) Chrome/61.0.3163.100 Safari/537.36"
89.101.128.109 - - [22/Sep/2017:15:43:29 +0100] "POST /go/hotelsearch?22-1.IFormSubmitListener-headerPanel-headerContainer-search-searchFormTabsPanel-packageSearchPanel-inputForm&logSearch=true&monthsearch=false&data_destination=0&data_checkin_date=30/9/2017&data_checkout_date=7/10/2017&data_traveldate=30/9/2017&data_flexibility=3&data_infant_travcount=0&data_adult_travcount=2&data_child_travcount=0&data_currency=EUR&data_airport=DUB&data_duration=7&pr=TFS HTTP/1.1" 301 - "https://www.topflight.ie/go/hotelsearch?logSearch=true&monthsearch=false&data_destination=0&data_checkin_date=30/9/2017&data_checkout_date=7/10/2017&data_traveldate=30/9/2017&data_flexibility=3&data_infant_travcount=0&data_adult_travcount=2&data_child_travcount=0&data_currency=EUR&data_airport=DUB&data_duration=7&pr=TFS" "Mozilla/5.0 (Macintosh; Intel Mac OS X 10_12_6) AppleWebKit/537.36 (KHTML, like Gecko) Chrome/60.0.3112.90 Safari/537.36"
89.101.128.109 - - [22/Sep/2017:15:43:29 +0100] "GET /go/hotelsearch?logSearch=true&monthsearch=false&data_destination=0&data_checkin_date=30/9/2017&data_checkout_date=7/10/2017&data_traveldate=24/9/2017&data_flexibility=3&data_infant_travcount=0&data_adult_travcount=2&data_child_travcount=0&data_currency=EUR&data_airport=DUB&data_duration=7&pr=TFS HTTP/1.1" 200 148169 "https://www.topflight.ie/go/hotelsearch?logSearch=true&monthsearch=false&data_destination=0&data_checkin_date=30/9/2017&data_checkout_date=7/10/2017&data_traveldate=30/9/2017&data_flexibility=3&data_infant_travcount=0&data_adult_travcount=2&data_child_travcount=0&data_currency=EUR&data_airport=DUB&data_duration=7&pr=TFS" "Mozilla/5.0 (Macintosh; Intel Mac OS X 10_12_6) AppleWebKit/537.36 (KHTML, like Gecko) Chrome/60.0.3112.90 Safari/537.36"
89.101.128.109 - - [22/Sep/2017:15:43:30 +0100] "GET / HTTP/1.1" 200 155239 "https://www.topflight.ie/go/hotelsearch?logSearch=true&monthsearch=false&data_destination=0&data_checkin_date=30/9/2017&data_checkout_date=7/10/2017&data_traveldate=24/9/2017&data_flexibility=3&data_infant_travcount=0&data_adult_travcount=2&data_child_travcount=0&data_currency=EUR&data_airport=DUB&data_duration=7&pr=TFS" "Mozilla/5.0 (Macintosh; Intel Mac OS X 10_12_6) AppleWebKit/537.36 (KHTML, like Gecko) Chrome/60.0.3112.90 Safari/537.36"
10.0.0.2 - - [22/Sep/2017:15:43:33 +0100] "GET /ski/austria/soll/pension_feichter_gerlinde?data_filter_travcount=2&select_week=null&data_filter_airport=DUB&data_currency=EUR HTTP/1.1" 200 81006 "-" "Mozilla/5.0 (compatible; bingbot/2.0; +http://www.bing.com/bingbot.htm)"
89.101.128.109 - - [22/Sep/2017:15:43:37 +0100] "POST /?24-1.IFormSubmitListener-headerPanel-headerContainer-search-searchFormTabsPanel-packageSearchPanel-inputForm HTTP/1.1" 301 - "https://www.topflight.ie/" "Mozilla/5.0 (Macintosh; Intel Mac OS X 10_12_6) AppleWebKit/537.36 (KHTML, like Gecko) Chrome/60.0.3112.90 Safari/537.36"
89.101.128.109 - - [22/Sep/2017:15:43:38 +0100] "GET /go/hotelsearch?logSearch=true&monthsearch=false&data_destination=0&data_checkin_date=24/9/2017&data_checkout_date=1/10/2017&data_traveldate=5/10/2017&data_flexibility=3&data_infant_travcount=0&data_adult_travcount=2&data_child_travcount=0&data_currency=EUR&data_airport=DUB&data_duration=7&pr=TFS HTTP/1.1" 200 200591 "https://www.topflight.ie/" "Mozilla/5.0 (Macintosh; Intel Mac OS X 10_12_6) AppleWebKit/537.36 (KHTML, like Gecko) Chrome/60.0.3112.90 Safari/537.36"
89.101.128.109 - - [22/Sep/2017:15:43:40 +0100] "GET /go/hotelsearch?25-1.IBehaviorListener.0-resultsPanel-sortForm-searchResults-parent-nav-moreLabel&logSearch=true&monthsearch=false&data_destination=0&data_checkin_date=24/9/2017&data_checkout_date=1/10/2017&data_traveldate=5/10/2017&data_flexibility=3&data_infant_travcount=0&data_adult_travcount=2&data_child_travcount=0&data_currency=EUR&data_airport=DUB&data_duration=7&pr=TFS&_=1506091750189 HTTP/1.1" 200 11624 "https://www.topflight.ie/go/hotelsearch?logSearch=true&monthsearch=false&data_destination=0&data_checkin_date=24/9/2017&data_checkout_date=1/10/2017&data_traveldate=5/10/2017&data_flexibility=3&data_infant_travcount=0&data_adult_travcount=2&data_child_travcount=0&data_currency=EUR&data_airport=DUB&data_duration=7&pr=TFS" "Mozilla/5.0 (Macintosh; Intel Mac OS X 10_12_6) AppleWebKit/537.36 (KHTML, like Gecko) Chrome/60.0.3112.90 Safari/537.36"
89.101.128.109 - - [22/Sep/2017:15:43:43 +0100] "GET / HTTP/1.1" 200 155239 "https://www.topflight.ie/go/hotelsearch?logSearch=true&monthsearch=false&data_destination=0&data_checkin_date=24/9/2017&data_checkout_date=1/10/2017&data_traveldate=5/10/2017&data_flexibility=3&data_infant_travcount=0&data_adult_travcount=2&data_child_travcount=0&data_currency=EUR&data_airport=DUB&data_duration=7&pr=TFS" "Mozilla/5.0 (Macintosh; Intel Mac OS X 10_12_6) AppleWebKit/537.36 (KHTML, like Gecko) Chrome/60.0.3112.90 Safari/537.36"
89.101.128.109 - - [22/Sep/2017:15:43:44 +0100] "POST /?26-1.IFormSubmitListener-headerPanel-headerContainer-search-searchFormTabsPanel-packageSearchPanel-inputForm HTTP/1.1" 301 - "https://www.topflight.ie/" "Mozilla/5.0 (Macintosh; Intel Mac OS X 10_12_6) AppleWebKit/537.36 (KHTML, like Gecko) Chrome/60.0.3112.90 Safari/537.36"
89.101.128.109 - - [22/Sep/2017:15:43:44 +0100] "GET /go/hotelsearch?logSearch=true&monthsearch=false&data_destination=0&data_checkin_date=5/10/2017&data_checkout_date=12/10/2017&data_traveldate=5/10/2017&data_flexibility=3&data_infant_travcount=0&data_adult_travcount=2&data_child_travcount=0&data_currency=EUR&data_airport=DUB&data_duration=7&pr=TFS HTTP/1.1" 200 200671 "https://www.topflight.ie/" "Mozilla/5.0 (Macintosh; Intel Mac OS X 10_12_6) AppleWebKit/537.36 (KHTML, like Gecko) Chrome/60.0.3112.90 Safari/537.36"
89.101.128.109 - - [22/Sep/2017:15:43:46 +0100] "GET /holidays/special-offers HTTP/1.1" 200 278350 "https://www.topflight.ie/go/hotelsearch?logSearch=true&monthsearch=false&data_destination=0&data_checkin_date=5/10/2017&data_checkout_date=12/10/2017&data_traveldate=5/10/2017&data_flexibility=3&data_infant_travcount=0&data_adult_travcount=2&data_child_travcount=0&data_currency=EUR&data_airport=DUB&data_duration=7&pr=TFS" "Mozilla/5.0 (Macintosh; Intel Mac OS X 10_12_6) AppleWebKit/537.36 (KHTML, like Gecko) Chrome/60.0.3112.90 Safari/537.36"
