77.75.76.168 - - [22/Sep/2017:15:48:16 +0100] "GET /summer-sun/italy/lake_como/cadenabbia___tremezzo HTTP/1.1" 200 117412 "-" "Mozilla/5.0 (compatible; SeznamBot/3.2; +http://napoveda.seznam.cz/en/seznambot-intro/)"
90.205.230.91 - - [22/Sep/2017:15:48:17 +0100] "GET / HTTP/1.1" 200 149961 "https://www.topflight.ie/" "Mozilla/5.0 (Linux; Android 5.0.2; SAMSUNG SM-T530 Build/LRX22G) AppleWebKit/537.36 (KHTML, like Gecko) SamsungBrowser/3.3 Chrome/38.0.2125.102 Safari/537.36"
77.75.76.168 - - [22/Sep/2017:15:48:19 +0100] "GET /ski-breaks/pkg/italy/livigno/living_chalet HTTP/1.1" 200 130996 "-" "Mozilla/5.0 (compatible; SeznamBot/3.2; +http://napoveda.seznam.cz/en/seznambot-intro/)"
90.205.230.91 - - [22/Sep/2017:15:48:19 +0100] "GET /user/account HTTP/1.1" 301 - "https://www.topflight.ie/" "Mozilla/5.0 (Linux; Android 5.0.2; SAMSUNG SM-T530 Build/LRX22G) AppleWebKit/537.36 (KHTML, like Gecko) SamsungBrowser/3.3 Chrome/38.0.2125.102 Safari/537.36"
90.205.230.91 - - [22/Sep/2017:15:48:20 +0100] "GET /user/login HTTP/1.1" 200 93154 "https://www.topflight.ie/" "Mozilla/5.0 (Linux; Android 5.0.2; SAMSUNG SM-T530 Build/LRX22G) AppleWebKit/537.36 (KHTML, like Gecko) SamsungBrowser/3.3 Chrome/38.0.2125.102 Safari/537.36"
77.75.76.168 - - [22/Sep/2017:15:48:22 +0100] "GET /holidays/other-information/cookie-policy HTTP/1.1" 200 102105 "-" "Mozilla/5.0 (compatible; SeznamBot/3.2; +http://napoveda.seznam.cz/en/seznambot-intro/)"
77.75.76.168 - - [22/Sep/2017:15:48:25 +0100] "GET /experiences/usa/new-york-punta-cana HTTP/1.1" 200 123842 "-" "Mozilla/5.0 (compatible; SeznamBot/3.2; +http://napoveda.seznam.cz/en/seznambot-intro/)"
10.0.10.1 - - [22/Sep/2017:15:48:27 +0100] "GET /manager/status?XML=true HTTP/1.1" 401 17706 "-" "libwww-perl/6.13"
10.0.10.1 - nagios [22/Sep/2017:15:48:27 +0100] "GET /manager/status?XML=true HTTP/1.1" 200 3129 "-" "libwww-perl/6.13"
77.75.76.168 - - [22/Sep/2017:15:48:27 +0100] "GET /collections/cruise-collection HTTP/1.1" 200 113228 "-" "Mozilla/5.0 (compatible; SeznamBot/3.2; +http://napoveda.seznam.cz/en/seznambot-intro/)"
77.75.76.168 - - [22/Sep/2017:15:48:29 +0100] "GET /summer-sun/italy/sicily/taormina HTTP/1.1" 301 - "-" "Mozilla/5.0 (compatible; SeznamBot/3.2; +http://napoveda.seznam.cz/en/seznambot-intro/)"
77.75.76.168 - - [22/Sep/2017:15:48:30 +0100] "GET /worldwide/usa_ww/new_york HTTP/1.1" 301 - "-" "Mozilla/5.0 (compatible; SeznamBot/3.2; +http://napoveda.seznam.cz/en/seznambot-intro/)"
130.88.9.58 - - [22/Sep/2017:15:48:32 +0100] "GET /user/account HTTP/1.1" 301 - "https://www.skibeat.co.uk/ski/france/meribel_centre/chalet_daurel" "Mozilla/5.0 (Macintosh; Intel Mac OS X 10_12_6) AppleWebKit/604.1.38 (KHTML, like Gecko) Version/11.0 Safari/604.1.38"
130.88.9.58 - - [22/Sep/2017:15:48:32 +0100] "GET /user/login HTTP/1.1" 200 32962 "https://www.skibeat.co.uk/ski/france/meribel_centre/chalet_daurel" "Mozilla/5.0 (Macintosh; Intel Mac OS X 10_12_6) AppleWebKit/604.1.38 (KHTML, like Gecko) Version/11.0 Safari/604.1.38"
130.88.9.58 - - [22/Sep/2017:15:48:33 +0100] "GET /wro/skibeatJSb.js?r=5240&minimize=true HTTP/1.1" 304 - "https://www.skibeat.co.uk/user/login" "Mozilla/5.0 (Macintosh; Intel Mac OS X 10_12_6) AppleWebKit/604.1.38 (KHTML, like Gecko) Version/11.0 Safari/604.1.38"
130.88.9.58 - - [22/Sep/2017:15:48:36 +0100] "POST /user/login?0-1.IBehaviorListener.0-loginPanel-loginForm-ajaxSubmit HTTP/1.1" 200 67 "https://www.skibeat.co.uk/user/login" "Mozilla/5.0 (Macintosh; Intel Mac OS X 10_12_6) AppleWebKit/604.1.38 (KHTML, like Gecko) Version/11.0 Safari/604.1.38"
130.88.9.58 - - [22/Sep/2017:15:48:36 +0100] "GET / HTTP/1.1" 200 55748 "https://www.skibeat.co.uk/user/login" "Mozilla/5.0 (Macintosh; Intel Mac OS X 10_12_6) AppleWebKit/604.1.38 (KHTML, like Gecko) Version/11.0 Safari/604.1.38"
84.203.112.22 - - [22/Sep/2017:15:48:36 +0100] "GET /go/hotelsearch?logSearch=true&monthsearch=false&data_destination=0&data_checkin_date=27/9/2017&data_checkout_date=4/10/2017&data_traveldate=30/12/2017&data_flexibility=3&data_infant_travcount=1&data_adult_travcount=4&data_child_travcount=1&data_currency=EUR&data_airport=ORK&data_duration=7&pr=TFW HTTP/1.1" 200 209021 "https://www.topflight.ie/holidays/special-offers/ski-deals?pr=TFW" "Mozilla/5.0 (iPad; CPU OS 10_3_3 like Mac OS X) AppleWebKit/603.3.8 (KHTML, like Gecko) Version/10.0 Mobile/14G60 Safari/602.1"
130.88.9.58 - - [22/Sep/2017:15:48:36 +0100] "GET /wro/skibeatJSb.js?r=5240&minimize=true HTTP/1.1" 304 - "https://www.skibeat.co.uk/" "Mozilla/5.0 (Macintosh; Intel Mac OS X 10_12_6) AppleWebKit/604.1.38 (KHTML, like Gecko) Version/11.0 Safari/604.1.38"
130.88.9.58 - - [22/Sep/2017:15:48:38 +0100] "GET /?1-1.IBehaviorListener.0-&_=1506091957586 HTTP/1.1" 200 686 "https://www.skibeat.co.uk/" "Mozilla/5.0 (Macintosh; Intel Mac OS X 10_12_6) AppleWebKit/604.1.38 (KHTML, like Gecko) Version/11.0 Safari/604.1.38"
130.88.9.58 - - [22/Sep/2017:15:48:39 +0100] "GET /?1-1.IBehaviorListener.0-&_=1506091958293 HTTP/1.1" 200 218 "https://www.skibeat.co.uk/" "Mozilla/5.0 (Macintosh; Intel Mac OS X 10_12_6) AppleWebKit/604.1.38 (KHTML, like Gecko) Version/11.0 Safari/604.1.38"
84.203.112.22 - - [22/Sep/2017:15:48:43 +0100] "GET /ski-breaks/pkg/austria/kaprun/hotel_apartments_toni HTTP/1.1" 200 137702 "https://www.topflight.ie/go/hotelsearch?logSearch=true&monthsearch=false&data_destination=0&data_checkin_date=27/9/2017&data_checkout_date=4/10/2017&data_traveldate=30/12/2017&data_flexibility=3&data_infant_travcount=1&data_adult_travcount=4&data_child_travcount=1&data_currency=EUR&data_airport=ORK&data_duration=7&pr=TFW" "Mozilla/5.0 (iPad; CPU OS 10_3_3 like Mac OS X) AppleWebKit/603.3.8 (KHTML, like Gecko) Version/10.0 Mobile/14G60 Safari/602.1"
84.203.112.22 - - [22/Sep/2017:15:48:44 +0100] "GET /wro/topflightJSb.js?r=5240&minimize=true HTTP/1.1" 304 - "https://www.topflight.ie/ski-breaks/pkg/austria/kaprun/hotel_apartments_toni" "Mozilla/5.0 (iPad; CPU OS 10_3_3 like Mac OS X) AppleWebKit/603.3.8 (KHTML, like Gecko) Version/10.0 Mobile/14G60 Safari/602.1"
84.203.112.22 - - [22/Sep/2017:15:48:44 +0100] "GET / HTTP/1.1" 200 149829 "https://www.topflight.ie/ski-breaks/pkg/austria/kaprun/hotel_apartments_toni" "Mozilla/5.0 (iPad; CPU OS 10_3_3 like Mac OS X) AppleWebKit/603.3.8 (KHTML, like Gecko) Version/10.0 Mobile/14G60 Safari/602.1"
84.203.112.22 - - [22/Sep/2017:15:48:45 +0100] "GET /ski-breaks/pkg/austria/kaprun/hotel_apartments_toni?15-1.IBehaviorListener.0-panel-SkiPackTab&_=1506091961374 HTTP/1.1" 200 8761 "https://www.topflight.ie/ski-breaks/pkg/austria/kaprun/hotel_apartments_toni" "Mozilla/5.0 (iPad; CPU OS 10_3_3 like Mac OS X) AppleWebKit/603.3.8 (KHTML, like Gecko) Version/10.0 Mobile/14G60 Safari/602.1"
130.88.9.58 - - [22/Sep/2017:15:48:47 +0100] "GET /user/account HTTP/1.1" 200 32852 "https://www.skibeat.co.uk/" "Mozilla/5.0 (Macintosh; Intel Mac OS X 10_12_6) AppleWebKit/604.1.38 (KHTML, like Gecko) Version/11.0 Safari/604.1.38"
84.203.112.22 - - [22/Sep/2017:15:48:47 +0100] "GET /ski-breaks/pkg/austria/kaprun/hotel_apartments_toni?15-1.IBehaviorListener.0-panel-options-bookList-hotelListplaceholder&_=1506091961375 HTTP/1.1" 200 19887 "https://www.topflight.ie/ski-breaks/pkg/austria/kaprun/hotel_apartments_toni" "Mozilla/5.0 (iPad; CPU OS 10_3_3 like Mac OS X) AppleWebKit/603.3.8 (KHTML, like Gecko) Version/10.0 Mobile/14G60 Safari/602.1"
130.88.9.58 - - [22/Sep/2017:15:48:47 +0100] "GET /wro/skibeatJSb.js?r=5240&minimize=true HTTP/1.1" 304 - "https://www.skibeat.co.uk/user/account" "Mozilla/5.0 (Macintosh; Intel Mac OS X 10_12_6) AppleWebKit/604.1.38 (KHTML, like Gecko) Version/11.0 Safari/604.1.38"
90.205.230.91 - - [22/Sep/2017:15:48:50 +0100] "POST /user/login?4-1.IBehaviorListener.0-loginPanel-loginForm-ajaxSubmit HTTP/1.1" 200 73 "https://www.topflight.ie/user/login" "Mozilla/5.0 (Linux; Android 5.0.2; SAMSUNG SM-T530 Build/LRX22G) AppleWebKit/537.36 (KHTML, like Gecko) SamsungBrowser/3.3 Chrome/38.0.2125.102 Safari/537.36"
84.203.112.22 - - [22/Sep/2017:15:48:51 +0100] "GET /go/hotelsearch?logSearch=true&monthsearch=false&data_destination=0&data_checkin_date=27/9/2017&data_checkout_date=4/10/2017&data_traveldate=30/12/2017&data_flexibility=3&data_infant_travcount=1&data_adult_travcount=4&data_child_travcount=1&data_currency=EUR&data_airport=ORK&data_duration=7&pr=TFW HTTP/1.1" 200 209021 "https://www.topflight.ie/holidays/special-offers/ski-deals?pr=TFW" "Mozilla/5.0 (iPad; CPU OS 10_3_3 like Mac OS X) AppleWebKit/603.3.8 (KHTML, like Gecko) Version/10.0 Mobile/14G60 Safari/602.1"
0:0:0:0:0:0:0:1 - - [22/Sep/2017:15:48:53 +0100] "GET /manager/text/list HTTP/1.1" 401 17706 "-" "Wget/1.15 (linux-gnu)"
0:0:0:0:0:0:0:1 - nagios [22/Sep/2017:15:48:53 +0100] "GET /manager/text/list HTTP/1.1" 200 197 "-" "Wget/1.15 (linux-gnu)"
90.205.230.91 - - [22/Sep/2017:15:48:53 +0100] "GET /user/account HTTP/1.1" 200 93324 "https://www.topflight.ie/user/login" "Mozilla/5.0 (Linux; Android 5.0.2; SAMSUNG SM-T530 Build/LRX22G) AppleWebKit/537.36 (KHTML, like Gecko) SamsungBrowser/3.3 Chrome/38.0.2125.102 Safari/537.36"
89.101.128.109 - - [22/Sep/2017:15:49:03 +0100] "GET /admin HTTP/1.1" 301 - "-" "Mozilla/5.0 (Windows NT 10.0; Win64; x64) AppleWebKit/537.36 (KHTML, like Gecko) Chrome/61.0.3163.100 Safari/537.36"
89.101.128.109 - - [22/Sep/2017:15:49:03 +0100] "GET /admin HTTP/1.1" 200 37927 "-" "Mozilla/5.0 (Windows NT 10.0; Win64; x64) AppleWebKit/537.36 (KHTML, like Gecko) Chrome/61.0.3163.100 Safari/537.36"
90.205.230.91 - - [22/Sep/2017:15:49:04 +0100] "GET /user/account?5-1.ILinkListener-futureBookingsPanel-bookingWrapper-bookings-0-bookingLink HTTP/1.1" 200 175498 "https://www.topflight.ie/user/account" "Mozilla/5.0 (Linux; Android 5.0.2; SAMSUNG SM-T530 Build/LRX22G) AppleWebKit/537.36 (KHTML, like Gecko) SamsungBrowser/3.3 Chrome/38.0.2125.102 Safari/537.36"
89.101.128.109 - - [22/Sep/2017:15:49:05 +0100] "GET / HTTP/1.1" 200 55258 "https://www.google.ie/" "Mozilla/5.0 (Macintosh; Intel Mac OS X 10_12) AppleWebKit/602.1.50 (KHTML, like Gecko) Version/10.0 Safari/602.1.50"
89.101.128.109 - - [22/Sep/2017:15:49:05 +0100] "GET /wro/skibeatJSb.js?r=5240&minimize=true HTTP/1.1" 200 126063 "https://www.skibeat.co.uk/" "Mozilla/5.0 (Macintosh; Intel Mac OS X 10_12) AppleWebKit/602.1.50 (KHTML, like Gecko) Version/10.0 Safari/602.1.50"
90.205.230.91 - - [22/Sep/2017:15:49:07 +0100] "GET /user/account?5-1.ILinkListener-futureBookingsPanel-bookingWrapper-bookings-0-bookingLink HTTP/1.1" 200 175498 "https://www.topflight.ie/user/account" "Mozilla/5.0 (Linux; Android 5.0.2; SAMSUNG SM-T530 Build/LRX22G) AppleWebKit/537.36 (KHTML, like Gecko) SamsungBrowser/3.3 Chrome/38.0.2125.102 Safari/537.36"
89.101.128.109 - - [22/Sep/2017:15:49:07 +0100] "GET /?0-1.IBehaviorListener.0-&_=1506091988027 HTTP/1.1" 200 681 "https://www.skibeat.co.uk/" "Mozilla/5.0 (Macintosh; Intel Mac OS X 10_12) AppleWebKit/602.1.50 (KHTML, like Gecko) Version/10.0 Safari/602.1.50"
89.101.128.109 - - [22/Sep/2017:15:49:07 +0100] "GET /?0-1.IBehaviorListener.0-&_=1506091988635 HTTP/1.1" 200 216 "https://www.skibeat.co.uk/" "Mozilla/5.0 (Macintosh; Intel Mac OS X 10_12) AppleWebKit/602.1.50 (KHTML, like Gecko) Version/10.0 Safari/602.1.50"
84.203.112.22 - - [22/Sep/2017:15:49:10 +0100] "GET /go/hotelsearch?17-1.IBehaviorListener.0-resultsPanel-sortForm-searchResults-parent-nav-moreLabel&logSearch=true&monthsearch=false&data_destination=0&data_checkin_date=27/9/2017&data_checkout_date=4/10/2017&data_traveldate=30/12/2017&data_flexibility=3&data_infant_travcount=1&data_adult_travcount=4&data_child_travcount=1&data_currency=EUR&data_airport=ORK&data_duration=7&pr=TFW&_=1506091968800 HTTP/1.1" 200 68660 "https://www.topflight.ie/go/hotelsearch?logSearch=true&monthsearch=false&data_destination=0&data_checkin_date=27/9/2017&data_checkout_date=4/10/2017&data_traveldate=30/12/2017&data_flexibility=3&data_infant_travcount=1&data_adult_travcount=4&data_child_travcount=1&data_currency=EUR&data_airport=ORK&data_duration=7&pr=TFW" "Mozilla/5.0 (iPad; CPU OS 10_3_3 like Mac OS X) AppleWebKit/603.3.8 (KHTML, like Gecko) Version/10.0 Mobile/14G60 Safari/602.1"
89.101.128.109 - - [22/Sep/2017:15:49:12 +0100] "GET /ski-chalet-holidays/les_arcs HTTP/1.1" 200 83343 "https://www.skibeat.co.uk/" "Mozilla/5.0 (Macintosh; Intel Mac OS X 10_12) AppleWebKit/602.1.50 (KHTML, like Gecko) Version/10.0 Safari/602.1.50"
89.101.128.109 - - [22/Sep/2017:15:49:12 +0100] "GET /wicket/resource/org.apache.wicket.ajax.AbstractDefaultAjaxBehavior/indicator-ver-03CE3DCC84AF110E9DA8699A841E5200.gif HTTP/1.1" 200 1553 "https://www.skibeat.co.uk/ski-chalet-holidays/les_arcs" "Mozilla/5.0 (Macintosh; Intel Mac OS X 10_12) AppleWebKit/602.1.50 (KHTML, like Gecko) Version/10.0 Safari/602.1.50"
89.101.128.109 - - [22/Sep/2017:15:49:12 +0100] "GET /wro/skibeatJSb.js?r=5240&minimize=true HTTP/1.1" 304 - "https://www.skibeat.co.uk/" "Mozilla/5.0 (Macintosh; Intel Mac OS X 10_12) AppleWebKit/602.1.50 (KHTML, like Gecko) Version/10.0 Safari/602.1.50"
89.101.128.109 - - [22/Sep/2017:15:49:13 +0100] "GET /ski-chalet-holidays/les_arcs?1-1.IBehaviorListener.0-&_=1506091994304 HTTP/1.1" 200 276 "https://www.skibeat.co.uk/ski-chalet-holidays/les_arcs" "Mozilla/5.0 (Macintosh; Intel Mac OS X 10_12) AppleWebKit/602.1.50 (KHTML, like Gecko) Version/10.0 Safari/602.1.50"
89.101.128.109 - - [22/Sep/2017:15:49:14 +0100] "GET /ski-chalet-holidays/les_arcs?1-1.IBehaviorListener.0-&_=1506091994868 HTTP/1.1" 200 276 "https://www.skibeat.co.uk/ski-chalet-holidays/les_arcs" "Mozilla/5.0 (Macintosh; Intel Mac OS X 10_12) AppleWebKit/602.1.50 (KHTML, like Gecko) Version/10.0 Safari/602.1.50"
89.101.128.109 - - [22/Sep/2017:15:49:14 +0100] "GET /ski-chalet-holidays/les_arcs?1-1.IBehaviorListener.0-&_=1506091995410 HTTP/1.1" 200 1972 "https://www.skibeat.co.uk/ski-chalet-holidays/les_arcs" "Mozilla/5.0 (Macintosh; Intel Mac OS X 10_12) AppleWebKit/602.1.50 (KHTML, like Gecko) Version/10.0 Safari/602.1.50"
89.101.128.109 - - [22/Sep/2017:15:49:15 +0100] "GET /ski-chalet-holidays/les_arcs?1-1.IBehaviorListener.0-&_=1506091996044 HTTP/1.1" 200 2663 "https://www.skibeat.co.uk/ski-chalet-holidays/les_arcs" "Mozilla/5.0 (Macintosh; Intel Mac OS X 10_12) AppleWebKit/602.1.50 (KHTML, like Gecko) Version/10.0 Safari/602.1.50"
89.101.128.109 - - [22/Sep/2017:15:49:15 +0100] "GET /ski-chalet-holidays/les_arcs?1-1.IBehaviorListener.0-&_=1506091996629 HTTP/1.1" 200 1317 "https://www.skibeat.co.uk/ski-chalet-holidays/les_arcs" "Mozilla/5.0 (Macintosh; Intel Mac OS X 10_12) AppleWebKit/602.1.50 (KHTML, like Gecko) Version/10.0 Safari/602.1.50"
89.101.128.109 - - [22/Sep/2017:15:49:16 +0100] "GET /ski-chalet-holidays/les_arcs?1-1.IBehaviorListener.0-&_=1506091997183 HTTP/1.1" 200 218 "https://www.skibeat.co.uk/ski-chalet-holidays/les_arcs" "Mozilla/5.0 (Macintosh; Intel Mac OS X 10_12) AppleWebKit/602.1.50 (KHTML, like Gecko) Version/10.0 Safari/602.1.50"
89.101.128.109 - - [22/Sep/2017:15:49:27 +0100] "GET /admin/pricingrules?display=home HTTP/1.1" 200 58203 "https://adminp.topflight.ie/go/viewbook?booking_code=DS1855411&session=BE7BC9C9FFE0F9D17DCC863ED104F957.node1" "Mozilla/5.0 (Windows NT 10.0; Win64; x64) AppleWebKit/537.36 (KHTML, like Gecko) Chrome/61.0.3163.100 Safari/537.36"
84.203.112.22 - - [22/Sep/2017:15:49:31 +0100] "GET /go/hotelsearch?17-1.IBehaviorListener.0-resultsPanel-sortForm-searchResults-parent-nav-moreLabel&logSearch=true&monthsearch=false&data_destination=0&data_checkin_date=27/9/2017&data_checkout_date=4/10/2017&data_traveldate=30/12/2017&data_flexibility=3&data_infant_travcount=1&data_adult_travcount=4&data_child_travcount=1&data_currency=EUR&data_airport=ORK&data_duration=7&pr=TFW&_=1506091968801 HTTP/1.1" 200 69207 "https://www.topflight.ie/go/hotelsearch?logSearch=true&monthsearch=false&data_destination=0&data_checkin_date=27/9/2017&data_checkout_date=4/10/2017&data_traveldate=30/12/2017&data_flexibility=3&data_infant_travcount=1&data_adult_travcount=4&data_child_travcount=1&data_currency=EUR&data_airport=ORK&data_duration=7&pr=TFW" "Mozilla/5.0 (iPad; CPU OS 10_3_3 like Mac OS X) AppleWebKit/603.3.8 (KHTML, like Gecko) Version/10.0 Mobile/14G60 Safari/602.1"
89.101.128.109 - - [22/Sep/2017:15:49:42 +0100] "POST /admin/pricingrules?4-1.IFormSubmitListener-panel-inputForm&display=home HTTP/1.1" 301 - "https://admin.topflight.ie/admin/pricingrules?display=home" "Mozilla/5.0 (Windows NT 10.0; Win64; x64) AppleWebKit/537.36 (KHTML, like Gecko) Chrome/61.0.3163.100 Safari/537.36"
89.101.128.109 - - [22/Sep/2017:15:49:42 +0100] "GET /admin/pricingrulesresults?data_destination=316&data_checkin_date=27/9/2017&data_checkout_date=4/10/2017&data_traveldate=7/10/2017&data_flexible_stay=3&data_infant_travcount=0&data_adult_travcount=2&data_child_travcount=0&pr=TFS&data_accomtype=Any&data_currency=EUR&data_airport=DUB&data_duration=7 HTTP/1.1" 200 133442 "https://admin.topflight.ie/admin/pricingrules?display=home" "Mozilla/5.0 (Windows NT 10.0; Win64; x64) AppleWebKit/537.36 (KHTML, like Gecko) Chrome/61.0.3163.100 Safari/537.36"
84.203.112.22 - - [22/Sep/2017:15:49:52 +0100] "GET /go/hotelsearch?17-1.IBehaviorListener.0-resultsPanel-sortForm-searchResults-parent-nav-moreLabel&logSearch=true&monthsearch=false&data_destination=0&data_checkin_date=27/9/2017&data_checkout_date=4/10/2017&data_traveldate=30/12/2017&data_flexibility=3&data_infant_travcount=1&data_adult_travcount=4&data_child_travcount=1&data_currency=EUR&data_airport=ORK&data_duration=7&pr=TFW&_=1506091968802 HTTP/1.1" 200 29357 "https://www.topflight.ie/go/hotelsearch?logSearch=true&monthsearch=false&data_destination=0&data_checkin_date=27/9/2017&data_checkout_date=4/10/2017&data_traveldate=30/12/2017&data_flexibility=3&data_infant_travcount=1&data_adult_travcount=4&data_child_travcount=1&data_currency=EUR&data_airport=ORK&data_duration=7&pr=TFW" "Mozilla/5.0 (iPad; CPU OS 10_3_3 like Mac OS X) AppleWebKit/603.3.8 (KHTML, like Gecko) Version/10.0 Mobile/14G60 Safari/602.1"
178.255.155.2 - - [22/Sep/2017:15:49:53 +0100] "GET /holidays/summer-holiday-deals HTTP/1.1" 200 278550 "-" "Pingdom.com_bot_version_1.4_(http://www.pingdom.com/)"
69.58.178.59 - - [22/Sep/2017:15:49:55 +0100] "GET /holidays/special-offers/madeira-holiday-deals HTTP/1.1" 200 138061 "-" "Mozilla/5.0 (compatible; ips-agent)"
159.8.146.132 - - [22/Sep/2017:15:49:58 +0100] "GET / HTTP/1.1" 301 - "-" "Pingdom.com_bot_version_1.4_(http://www.pingdom.com/)"
157.55.39.77 - - [22/Sep/2017:15:49:58 +0100] "GET /summer-sun/italy/venetian_riviera/lido_di_jesolo/hotel_cambridge?ad=semD&an=msn_s&am=phrase&q=hotel+cambridge+lido+di+jesolo&o=29617&qsrc=999&l=sem&askid=599c81d6-319f-42ab-bfa8-37fec8a8afd5-0-ab_msp HTTP/1.1" 200 130630 "-" "Mozilla/5.0 (compatible; bingbot/2.0; +http://www.bing.com/bingbot.htm)"
10.0.0.2 - - [22/Sep/2017:15:50:04 +0100] "GET / HTTP/1.0" 301 - "-" "check_http/v1.4.16 (nagios-plugins 1.4.16)"
10.0.0.2 - - [22/Sep/2017:15:50:04 +0100] "GET / HTTP/1.0" 301 - "-" "check_http/v1.4.16 (nagios-plugins 1.4.16)"
10.0.0.2 - - [22/Sep/2017:15:50:08 +0100] "GET / HTTP/1.1" 200 135748 "-" "Pingdom.com_bot_version_1.4_(http://www.pingdom.com/)"
10.0.0.2 - - [22/Sep/2017:15:50:16 +0100] "HEAD / HTTP/1.0" 301 - "-" "NewRelicPinger/1.0 (623729)"
178.255.155.2 - - [22/Sep/2017:15:50:24 +0100] "GET / HTTP/1.1" 200 60776 "-" "Pingdom.com_bot_version_1.4_(http://www.pingdom.com/)"
10.0.0.2 - - [22/Sep/2017:15:50:25 +0100] "GET / HTTP/1.1" 301 - "-" "Intellipool Network Monitor/5144"
54.248.250.232 - - [22/Sep/2017:15:50:25 +0100] "HEAD / HTTP/1.0" 301 - "-" "NewRelicPinger/1.0 (623729)"
157.55.39.249 - - [22/Sep/2017:15:50:34 +0100] "GET /summer-sun/pkg/austria_tf HTTP/1.1" 200 110117 "-" "Mozilla/5.0 (compatible; bingbot/2.0; +http://www.bing.com/bingbot.htm)"
157.55.39.249 - - [22/Sep/2017:15:50:37 +0100] "GET /ski-breaks/pkg/austria/soll/hotel_pension_konrad HTTP/1.1" 301 - "-" "Mozilla/5.0 (compatible; bingbot/2.0; +http://www.bing.com/bingbot.htm)"
54.247.188.179 - - [22/Sep/2017:15:50:44 +0100] "HEAD / HTTP/1.0" 301 - "-" "NewRelicPinger/1.0 (623729)"
82.103.136.16 - - [22/Sep/2017:15:50:50 +0100] "GET /admin HTTP/1.1" 200 5529 "-" "Pingdom.com_bot_version_1.4_(http://www.pingdom.com/)"
54.251.34.67 - - [22/Sep/2017:15:50:54 +0100] "HEAD / HTTP/1.0" 301 - "-" "NewRelicPinger/1.0 (623729)"
95.211.217.68 - - [22/Sep/2017:15:50:55 +0100] "GET / HTTP/1.1" 301 - "-" "Pingdom.com_bot_version_1.4_(http://www.pingdom.com/)"
159.8.146.132 - - [22/Sep/2017:15:50:56 +0100] "GET / HTTP/1.1" 200 149931 "-" "Pingdom.com_bot_version_1.4_(http://www.pingdom.com/)"
5.178.78.77 - - [22/Sep/2017:15:50:58 +0100] "GET / HTTP/1.1" 301 - "-" "Pingdom.com_bot_version_1.4_(http://www.pingdom.com/)"
10.0.0.2 - - [22/Sep/2017:15:51:00 +0100] "GET / HTTP/1.0" 301 - "-" "check_http/v1.4.16 (nagios-plugins 1.4.16)"
50.112.95.211 - - [22/Sep/2017:15:51:06 +0100] "HEAD / HTTP/1.0" 301 - "-" "NewRelicPinger/1.0 (623729)"
85.93.93.133 - - [22/Sep/2017:15:51:10 +0100] "GET / HTTP/1.1" 200 55258 "-" "Pingdom.com_bot_version_1.4_(http://www.pingdom.com/)"
212.147.140.200 - - [22/Sep/2017:15:51:22 +0100] "GET / HTTP/1.1" 301 - "-" "check_http/v (nagios-plugins 1.4.15)"
40.77.167.131 - - [22/Sep/2017:15:51:32 +0100] "GET /ski-breaks/pkg/france/la_plagne/chalet_marine HTTP/1.1" 301 - "-" "Mozilla/5.0 (compatible; bingbot/2.0; +http://www.bing.com/bingbot.htm)"
10.0.0.2 - - [22/Sep/2017:15:51:35 +0100] "HEAD / HTTP/1.0" 301 - "-" "NewRelicPinger/1.0 (623729)"
10.0.0.2 - - [22/Sep/2017:15:51:43 +0100] "HEAD / HTTP/1.0" 301 - "-" "NewRelicPinger/1.0 (623729)"
10.0.0.2 - - [22/Sep/2017:15:51:47 +0100] "GET / HTTP/1.0" 301 - "-" "check_http/v2.0.3 (nagios-plugins 2.0.3)"
5.172.196.188 - - [22/Sep/2017:15:51:50 +0100] "GET /admin HTTP/1.1" 200 5529 "-" "Pingdom.com_bot_version_1.4_(http://www.pingdom.com/)"
